{
  "version": "1.5.0",
  "plugins_used": [
    {
      "name": "ArtifactoryDetector"
    },
    {
      "name": "AWSKeyDetector"
    },
    {
      "name": "AzureStorageKeyDetector"
    },
    {
      "name": "Base64HighEntropyString",
      "limit": 4.5
    },
    {
      "name": "BasicAuthDetector"
    },
    {
      "name": "CloudantDetector"
    },
    {
      "name": "DiscordBotTokenDetector"
    },
    {
      "name": "GitHubTokenDetector"
    },
    {
      "name": "GitLabTokenDetector"
    },
    {
      "name": "HexHighEntropyString",
      "limit": 3.0
    },
    {
      "name": "IbmCloudIamDetector"
    },
    {
      "name": "IbmCosHmacDetector"
    },
    {
      "name": "IPPublicDetector"
    },
    {
      "name": "JwtTokenDetector"
    },
    {
      "name": "KeywordDetector",
      "keyword_exclude": ""
    },
    {
      "name": "MailchimpDetector"
    },
    {
      "name": "NpmDetector"
    },
    {
      "name": "OpenAIDetector"
    },
    {
      "name": "PrivateKeyDetector"
    },
    {
      "name": "PypiTokenDetector"
    },
    {
      "name": "SendGridDetector"
    },
    {
      "name": "SlackDetector"
    },
    {
      "name": "SoftlayerDetector"
    },
    {
      "name": "SquareOAuthDetector"
    },
    {
      "name": "StripeDetector"
    },
    {
      "name": "TelegramBotTokenDetector"
    },
    {
      "name": "TwilioKeyDetector"
    }
  ],
  "filters_used": [
    {
      "path": "detect_secrets.filters.allowlist.is_line_allowlisted"
    },
    {
      "path": "detect_secrets.filters.common.is_baseline_file",
      "filename": ".secrets.baseline"
    },
    {
      "path": "detect_secrets.filters.common.is_ignored_due_to_verification_policies",
      "min_level": 2
    },
    {
      "path": "detect_secrets.filters.heuristic.is_indirect_reference"
    },
    {
      "path": "detect_secrets.filters.heuristic.is_likely_id_string"
    },
    {
      "path": "detect_secrets.filters.heuristic.is_lock_file"
    },
    {
      "path": "detect_secrets.filters.heuristic.is_not_alphanumeric_string"
    },
    {
      "path": "detect_secrets.filters.heuristic.is_potential_uuid"
    },
    {
      "path": "detect_secrets.filters.heuristic.is_prefixed_with_dollar_sign"
    },
    {
      "path": "detect_secrets.filters.heuristic.is_sequential_string"
    },
    {
      "path": "detect_secrets.filters.heuristic.is_swagger_file"
    },
    {
      "path": "detect_secrets.filters.heuristic.is_templated_secret"
    },
    {
      "path": "detect_secrets.filters.regex.should_exclude_file",
      "pattern": [
        "\\.venv/|legacy/|\\.claude/|argus-targets/"
      ]
    }
  ],
  "results": {
    ".github/workflows/ci.yml": [
      {
        "type": "Secret Keyword",
        "filename": ".github/workflows/ci.yml",
        "hashed_secret": "9dc3cd2ee12e86f5f979ceec790f2befa49a3984",
        "is_verified": false,
        "line_number": 44
      }
    ],
    "examples/crewai-minimal.yaml": [
      {
        "type": "Secret Keyword",
        "filename": "examples/crewai-minimal.yaml",
        "hashed_secret": "02ecb94373bfb3dfe827ca18409f50b016e8302a",
        "is_verified": false,
        "line_number": 14
      }
    ],
    "src/argus/corpus_attacks/seeds/memory_poisoning.json": [
      {
        "type": "Basic Auth Credentials",
        "filename": "src/argus/corpus_attacks/seeds/memory_poisoning.json",
        "hashed_secret": "f3bbbd66a63d4bf1747940578ec3d0103530e21d",
        "is_verified": false,
        "line_number": 30
      }
    ],
    "src/argus/demo/generic_agent.py": [
      {
        "type": "Base64 High Entropy String",
        "filename": "src/argus/demo/generic_agent.py",
        "hashed_secret": "4cd93c5da7ba8b3c49fd437dc4705762fbd1ccd1",
        "is_verified": false,
        "line_number": 80
      },
      {
        "type": "Base64 High Entropy String",
        "filename": "src/argus/demo/generic_agent.py",
        "hashed_secret": "a11669e1d22e1d911174c332ea77892a42492297",
        "is_verified": false,
        "line_number": 81
      },
      {
        "type": "Basic Auth Credentials",
        "filename": "src/argus/demo/generic_agent.py",
        "hashed_secret": "f3bbbd66a63d4bf1747940578ec3d0103530e21d",
        "is_verified": false,
        "line_number": 86
      },
      {
        "type": "AWS Access Key",
        "filename": "src/argus/demo/generic_agent.py",
        "hashed_secret": "5229068e8324f6bf03936fe198811526f0ea716f",
        "is_verified": false,
        "line_number": 89
      },
      {
        "type": "Secret Keyword",
        "filename": "src/argus/demo/generic_agent.py",
        "hashed_secret": "e85b3f19ba65dae3aa220232f23dd669ca75b0a3",
        "is_verified": false,
        "line_number": 90
      },
      {
        "type": "AWS Access Key",
        "filename": "src/argus/demo/generic_agent.py",
        "hashed_secret": "c3b1ce3ca1064b7c84395c92358aa110babfc3e1",
        "is_verified": false,
        "line_number": 95
      }
    ],
    "src/argus/impact/classify.py": [
      {
        "type": "Secret Keyword",
        "filename": "src/argus/impact/classify.py",
        "hashed_secret": "3c3b274d119ff5a5ec6c1e215c1cb794d9973ac1",
        "is_verified": false,
        "line_number": 31
      }
    ],
    "src/argus/labrat/autogen_shaped.py": [
      {
        "type": "Private Key",
        "filename": "src/argus/labrat/autogen_shaped.py",
        "hashed_secret": "27c6929aef41ae2bcadac15ca6abcaff72cda9cd",
        "is_verified": false,
        "line_number": 198
      }
    ],
    "src/argus/labrat/crewai_shaped.py": [
      {
        "type": "Basic Auth Credentials",
        "filename": "src/argus/labrat/crewai_shaped.py",
        "hashed_secret": "f3bbbd66a63d4bf1747940578ec3d0103530e21d",
        "is_verified": false,
        "line_number": 53
      },
      {
        "type": "Secret Keyword",
        "filename": "src/argus/labrat/crewai_shaped.py",
        "hashed_secret": "e85b3f19ba65dae3aa220232f23dd669ca75b0a3",
        "is_verified": false,
        "line_number": 62
      },
      {
        "type": "Private Key",
        "filename": "src/argus/labrat/crewai_shaped.py",
        "hashed_secret": "27c6929aef41ae2bcadac15ca6abcaff72cda9cd",
        "is_verified": false,
        "line_number": 350
      }
    ],
    "src/argus/labrat/hermes_shaped.py": [
      {
        "type": "Private Key",
        "filename": "src/argus/labrat/hermes_shaped.py",
        "hashed_secret": "27c6929aef41ae2bcadac15ca6abcaff72cda9cd",
        "is_verified": false,
        "line_number": 207
      }
    ],
    "src/argus/labrat/mcp_server.py": [
      {
        "type": "Basic Auth Credentials",
        "filename": "src/argus/labrat/mcp_server.py",
        "hashed_secret": "f3bbbd66a63d4bf1747940578ec3d0103530e21d",
        "is_verified": false,
        "line_number": 57
      },
      {
        "type": "Secret Keyword",
        "filename": "src/argus/labrat/mcp_server.py",
        "hashed_secret": "e85b3f19ba65dae3aa220232f23dd669ca75b0a3",
        "is_verified": false,
        "line_number": 63
      },
      {
        "type": "Private Key",
        "filename": "src/argus/labrat/mcp_server.py",
        "hashed_secret": "27c6929aef41ae2bcadac15ca6abcaff72cda9cd",
        "is_verified": false,
        "line_number": 192
      }
    ],
    "tests/test_agent_11_environment_pivot.py": [
      {
        "type": "AWS Access Key",
        "filename": "tests/test_agent_11_environment_pivot.py",
        "hashed_secret": "c3b1ce3ca1064b7c84395c92358aa110babfc3e1",
        "is_verified": false,
        "line_number": 94
      },
      {
        "type": "Base64 High Entropy String",
        "filename": "tests/test_agent_11_environment_pivot.py",
        "hashed_secret": "2aec27f994a05005449660107758b2742b48d1fd",
        "is_verified": false,
        "line_number": 95
      },
      {
        "type": "Base64 High Entropy String",
        "filename": "tests/test_agent_11_environment_pivot.py",
        "hashed_secret": "623ec6fc81e13ef29dbcd3e813c43972dac24914",
        "is_verified": false,
        "line_number": 98
      },
      {
        "type": "GitHub Token",
        "filename": "tests/test_agent_11_environment_pivot.py",
        "hashed_secret": "e175c6f5f2a92e8623bd9a4820edb4e8c1b0fd10",
        "is_verified": false,
        "line_number": 98
      },
      {
        "type": "Base64 High Entropy String",
        "filename": "tests/test_agent_11_environment_pivot.py",
        "hashed_secret": "58d98095ab2dda8f380efca89af6cbe46058a9e3",
        "is_verified": false,
        "line_number": 99
      },
      {
        "type": "Private Key",
        "filename": "tests/test_agent_11_environment_pivot.py",
        "hashed_secret": "27c6929aef41ae2bcadac15ca6abcaff72cda9cd",
        "is_verified": false,
        "line_number": 102
      },
      {
        "type": "AWS Access Key",
        "filename": "tests/test_agent_11_environment_pivot.py",
        "hashed_secret": "5229068e8324f6bf03936fe198811526f0ea716f",
        "is_verified": false,
        "line_number": 117
      },
      {
        "type": "Secret Keyword",
        "filename": "tests/test_agent_11_environment_pivot.py",
        "hashed_secret": "e85b3f19ba65dae3aa220232f23dd669ca75b0a3",
        "is_verified": false,
        "line_number": 118
      }
    ],
    "tests/test_generic_agent_pillar.py": [
      {
        "type": "AWS Access Key",
        "filename": "tests/test_generic_agent_pillar.py",
        "hashed_secret": "c3b1ce3ca1064b7c84395c92358aa110babfc3e1",
        "is_verified": false,
        "line_number": 55
      },
      {
        "type": "Base64 High Entropy String",
        "filename": "tests/test_generic_agent_pillar.py",
        "hashed_secret": "a11669e1d22e1d911174c332ea77892a42492297",
        "is_verified": false,
        "line_number": 56
      },
      {
        "type": "AWS Access Key",
        "filename": "tests/test_generic_agent_pillar.py",
        "hashed_secret": "5229068e8324f6bf03936fe198811526f0ea716f",
        "is_verified": false,
        "line_number": 59
      },
      {
        "type": "Secret Keyword",
        "filename": "tests/test_generic_agent_pillar.py",
        "hashed_secret": "e85b3f19ba65dae3aa220232f23dd669ca75b0a3",
        "is_verified": false,
        "line_number": 60
      }
    ],
    "tests/test_impact.py": [
      {
        "type": "AWS Access Key",
        "filename": "tests/test_impact.py",
        "hashed_secret": "c3b1ce3ca1064b7c84395c92358aa110babfc3e1",
        "is_verified": false,
        "line_number": 69
      },
      {
        "type": "Base64 High Entropy String",
        "filename": "tests/test_impact.py",
        "hashed_secret": "1d8c794ed6e2e1cd201231589f70a695e8f88582",
        "is_verified": false,
        "line_number": 100
      },
      {
        "type": "Base64 High Entropy String",
        "filename": "tests/test_impact.py",
        "hashed_secret": "e6f200ee384868ebac728e76165ea0001f5c622c",
        "is_verified": false,
        "line_number": 221
      }
    ],
    "tests/test_pillar_oauth_supply_chain_acceptance.py": [
      {
        "type": "AWS Access Key",
        "filename": "tests/test_pillar_oauth_supply_chain_acceptance.py",
        "hashed_secret": "c3b1ce3ca1064b7c84395c92358aa110babfc3e1",
        "is_verified": false,
        "line_number": 103
      },
      {
        "type": "Base64 High Entropy String",
        "filename": "tests/test_pillar_oauth_supply_chain_acceptance.py",
        "hashed_secret": "a11669e1d22e1d911174c332ea77892a42492297",
        "is_verified": false,
        "line_number": 104
      },
      {
        "type": "Base64 High Entropy String",
        "filename": "tests/test_pillar_oauth_supply_chain_acceptance.py",
        "hashed_secret": "6b19bdd71a77044bf96612f48184ffc72549e44f",
        "is_verified": false,
        "line_number": 105
      },
      {
        "type": "AWS Access Key",
        "filename": "tests/test_pillar_oauth_supply_chain_acceptance.py",
        "hashed_secret": "5229068e8324f6bf03936fe198811526f0ea716f",
        "is_verified": false,
        "line_number": 118
      },
      {
        "type": "Secret Keyword",
        "filename": "tests/test_pillar_oauth_supply_chain_acceptance.py",
        "hashed_secret": "e85b3f19ba65dae3aa220232f23dd669ca75b0a3",
        "is_verified": false,
        "line_number": 119
      }
    ]
  },
  "generated_at": "2026-04-23T07:35:47Z"
}
